
--- robust worker start 2026-08-01T18:31:33.631281+00:00 pid=14354 device=quantinuum_h2_56 ---
mqt-predictor - INFO - Init env: expected_fidelity
job=ae_indep_qiskit_2|quantinuum_h2_56 azione_RL=BasisTranslator
job=ae_indep_qiskit_2|quantinuum_h2_56 azione_RL=QiskitO3
job=ae_indep_qiskit_2|quantinuum_h2_56 azione_RL=RemoveDiagonalGatesBeforeMeasure
job=ae_indep_qiskit_2|quantinuum_h2_56 azione_RL=Opt2qBlocks
job=ae_indep_qiskit_2|quantinuum_h2_56 azione_RL=Opt2qBlocks
job=ae_indep_qiskit_2|quantinuum_h2_56 azione_RL=OptimizeCliffords
job=ae_indep_qiskit_2|quantinuum_h2_56 azione_RL=QiskitO3
job=ae_indep_qiskit_2|quantinuum_h2_56 azione_RL=RemoveDiagonalGatesBeforeMeasure
job=ae_indep_qiskit_2|quantinuum_h2_56 azione_RL=RemoveRedundancies
job=ae_indep_qiskit_2|quantinuum_h2_56 azione_RL=CliffordSimp
job=ae_indep_qiskit_2|quantinuum_h2_56 azione_RL=CliffordSimp
job=ae_indep_qiskit_2|quantinuum_h2_56 azione_RL=BQSKitO2
job=ae_indep_qiskit_2|quantinuum_h2_56 azione_RL=FullPeepholeOptimiseCX
job=ae_indep_qiskit_2|quantinuum_h2_56 azione_RL=BasisTranslator
job=ae_indep_qiskit_2|quantinuum_h2_56 azione_RL=RemoveRedundancies
job=ae_indep_qiskit_2|quantinuum_h2_56 azione_RL=CommutativeInverseCancellation
job=ae_indep_qiskit_2|quantinuum_h2_56 azione_RL=Optimize1qGatesDecomposition
job=ae_indep_qiskit_2|quantinuum_h2_56 azione_RL=FullPeepholeOptimiseCX
job=ae_indep_qiskit_2|quantinuum_h2_56 azione_RL=OptimizeCliffords
job=ae_indep_qiskit_2|quantinuum_h2_56 azione_RL=BasisTranslator
job=ae_indep_qiskit_2|quantinuum_h2_56 azione_RL=Opt2qBlocks
job=ae_indep_qiskit_2|quantinuum_h2_56 azione_RL=CommutativeCancellation
job=ae_indep_qiskit_2|quantinuum_h2_56 azione_RL=InverseCancellation
job=ae_indep_qiskit_2|quantinuum_h2_56 azione_RL=BQSKitSynthesis
job=ae_indep_qiskit_2|quantinuum_h2_56 azione_RL=BQSKitMapping
job=ae_indep_qiskit_2|quantinuum_h2_56 azione_RL=terminate

--- robust worker start 2026-08-02T13:17:22.935896+00:00 pid=100194 device=quantinuum_h2_56 ---
mqt-predictor - INFO - Init env: expected_fidelity
job=ae_indep_qiskit_2|quantinuum_h2_56 azione_RL=OptimizeCliffords
job=ae_indep_qiskit_2|quantinuum_h2_56 azione_RL=BasisTranslator
job=ae_indep_qiskit_2|quantinuum_h2_56 azione_RL=InverseCancellation
job=ae_indep_qiskit_2|quantinuum_h2_56 azione_RL=VF2Layout
job=ae_indep_qiskit_2|quantinuum_h2_56 azione_RL=Opt2qBlocks
job=ae_indep_qiskit_2|quantinuum_h2_56 azione_RL=BasisTranslator
job=ae_indep_qiskit_2|quantinuum_h2_56 azione_RL=terminate
